
> itinerary-planner@ test:e2e:mock C:\Users\Ally\Documents\Code\trip-jot
> cross-env E2E_MOCK=true playwright test "tests/e2e/activities.spec.ts"


Running 1 test using 1 worker

[1A[2K[1/1] [chromium] ΓÇ║ tests\e2e\activities.spec.ts:32:3 ΓÇ║ Activity Management (Mobile) ΓÇ║ should allow adding an activity in mobile view
[1A[2K[chromium] ΓÇ║ tests\e2e\activities.spec.ts:32:3 ΓÇ║ Activity Management (Mobile) ΓÇ║ should allow adding an activity in mobile view
Setting up mocks...

[1A[2KREQUEST FINISHED: http://localhost:5173/register [33m200[39m

[1A[2KREQUEST FINISHED: http://localhost:5173/src/main.tsx?t=1769414350292 [33m200[39m

[1A[2KREQUEST FINISHED: http://localhost:5173/@vite/client [33m200[39m

[1A[2KREQUEST FINISHED: http://localhost:5173/@react-refresh [33m200[39m

[1A[2KREQUEST FINISHED: http://localhost:5173/node_modules/.vite/deps/react.js?v=da8d6cbe [33m200[39m

[1A[2KREQUEST FINISHED: http://localhost:5173/node_modules/.vite/deps/react_jsx-dev-runtime.js?v=da8d6cbe [33m200[39m

[1A[2KREQUEST FINISHED: http://localhost:5173/node_modules/.vite/deps/@tanstack_react-router.js?v=da8d6cbe [33m200[39m

[1A[2KREQUEST FINISHED: http://localhost:5173/src/router.tsx?t=1769409808686 [33m200[39m

[1A[2KREQUEST FINISHED: http://localhost:5173/node_modules/.vite/deps/@tanstack_react-query.js?v=da8d6cbe [33m200[39m

[1A[2KREQUEST FINISHED: http://localhost:5173/node_modules/.pnpm/vite@7.3.0_@types+node@22.1_76241a23382121a1f1deb34a6cdd65b4/node_modules/vite/dist/client/env.mjs [33m200[39m

[1A[2KREQUEST FINISHED: http://localhost:5173/src/styles.css?t=1769414350292 [33m200[39m

[1A[2KBROWSER LOG: [vite] connecting...

[1A[2KREQUEST FINISHED: http://localhost:5173/node_modules/.vite/deps/chunk-G3PMV62Z.js?v=da8d6cbe [33m200[39m

[1A[2KREQUEST FINISHED: http://localhost:5173/node_modules/.vite/deps/chunk-RGAYRKC3.js?v=da8d6cbe [33m200[39m

[1A[2KREQUEST FINISHED: http://localhost:5173/node_modules/.vite/deps/chunk-ZDMEOYUN.js?v=da8d6cbe [33m200[39m

[1A[2KREQUEST FINISHED: http://localhost:5173/node_modules/.vite/deps/chunk-3ZFBOBB3.js?v=da8d6cbe [33m200[39m

[1A[2KREQUEST FINISHED: http://localhost:5173/node_modules/.vite/deps/chunk-EU35WYTC.js?v=da8d6cbe [33m200[39m

[1A[2KREQUEST FINISHED: http://localhost:5173/node_modules/.vite/deps/chunk-BURFYUWK.js?v=da8d6cbe [33m200[39m

[1A[2KREQUEST FINISHED: http://localhost:5173/node_modules/.vite/deps/chunk-GT3TXHQF.js?v=da8d6cbe [33m200[39m

[1A[2KREQUEST FINISHED: http://localhost:5173/src/components/NotFound.tsx [33m200[39m

[1A[2KREQUEST FINISHED: http://localhost:5173/src/routeTree.gen.ts?t=1769409808686 [33m200[39m

[1A[2KREQUEST FINISHED: http://localhost:5173/node_modules/.vite/deps/chunk-VYWQWNV6.js?v=da8d6cbe [33m200[39m

[1A[2KREQUEST FINISHED: http://localhost:5173/node_modules/.vite/deps/chunk-TYE64XAY.js?v=da8d6cbe [33m200[39m

[1A[2KBROWSER LOG: [vite] connected.

[1A[2KREQUEST FINISHED: http://localhost:5173/node_modules/.vite/deps/chunk-FLKD6QFF.js?v=da8d6cbe [33m200[39m

[1A[2KREQUEST FINISHED: http://localhost:5173/node_modules/.vite/deps/react-dom_client.js?v=da8d6cbe [33m200[39m

[1A[2KREQUEST FINISHED: http://localhost:5173/src/components/ui/button.tsx [33m200[39m

[1A[2KREQUEST FINISHED: http://localhost:5173/src/lib/utils.ts [33m200[39m

[1A[2KREQUEST FINISHED: http://localhost:5173/src/routes/__root.tsx?t=1769407880228 [33m200[39m

[1A[2KREQUEST FINISHED: http://localhost:5173/src/routes/trips.tsx [33m200[39m

[1A[2KREQUEST FINISHED: http://localhost:5173/src/routes/profile.tsx [33m200[39m

[1A[2KREQUEST FINISHED: http://localhost:5173/src/routes/register.tsx [33m200[39m

[1A[2KREQUEST FINISHED: http://localhost:5173/src/routes/index.tsx [33m200[39m

[1A[2KREQUEST FINISHED: http://localhost:5173/src/routes/login.tsx [33m200[39m

[1A[2KREQUEST FINISHED: http://localhost:5173/src/routes/explore.tsx [33m200[39m

[1A[2KREQUEST FINISHED: http://localhost:5173/src/routes/trips.new-trip.tsx [33m200[39m

[1A[2KREQUEST FINISHED: http://localhost:5173/src/routes/trips.index.tsx?t=1769409808686 [33m200[39m

[1A[2KREQUEST FINISHED: http://localhost:5173/src/routes/trips.$id.tsx?t=1769405574540 [33m200[39m

[1A[2KREQUEST FINISHED: http://localhost:5173/node_modules/.vite/deps/@base-ui_react_button.js?v=da8d6cbe [33m200[39m

[1A[2KREQUEST FINISHED: http://localhost:5173/node_modules/.vite/deps/class-variance-authority.js?v=da8d6cbe [33m200[39m

[1A[2KREQUEST FINISHED: http://localhost:5173/node_modules/.vite/deps/clsx.js?v=da8d6cbe [33m200[39m

[1A[2KREQUEST FINISHED: http://localhost:5173/node_modules/.vite/deps/@tanstack_react-router-devtools.js?v=da8d6cbe [33m200[39m

[1A[2KREQUEST FINISHED: http://localhost:5173/src/components/ui/sonner.tsx [33m200[39m

[1A[2KREQUEST FINISHED: http://localhost:5173/node_modules/.vite/deps/@tanstack_react-devtools.js?v=da8d6cbe [33m200[39m

[1A[2KREQUEST FINISHED: http://localhost:5173/src/integrations/tanstack-query/devtools.tsx [33m200[39m

[1A[2KREQUEST FINISHED: http://localhost:5173/src/store/user.ts [33m200[39m

[1A[2KREQUEST FINISHED: http://localhost:5173/src/components/Header.tsx?t=1769407880228 [33m200[39m

[1A[2KREQUEST FINISHED: http://localhost:5173/src/components/Construction.tsx [33m200[39m

[1A[2KREQUEST FINISHED: http://localhost:5173/node_modules/.vite/deps/tailwind-merge.js?v=da8d6cbe [33m200[39m

[1A[2KREQUEST FINISHED: http://localhost:5173/src/components/register-form.tsx [33m200[39m

[1A[2KREQUEST FINISHED: http://localhost:5173/node_modules/.vite/deps/lucide-react.js?v=da8d6cbe [33m200[39m

[1A[2KREQUEST FINISHED: http://localhost:5173/src/hooks/useAuth.ts [33m200[39m

[1A[2KREQUEST FINISHED: http://localhost:5173/node_modules/.vite/deps/sonner.js?v=da8d6cbe [33m200[39m

[1A[2KREQUEST FINISHED: http://localhost:5173/node_modules/.vite/deps/axios.js?v=da8d6cbe [33m200[39m

[1A[2KREQUEST FINISHED: http://localhost:5173/src/components/Landing/LandingPage.tsx [33m200[39m

[1A[2KREQUEST FINISHED: http://localhost:5173/src/components/login-form.tsx [33m200[39m

[1A[2KREQUEST FINISHED: http://localhost:5173/src/components/DynamicBreadcrumbs.tsx [33m200[39m

[1A[2KREQUEST FINISHED: http://localhost:5173/src/components/Trip/EmptyTripCard.tsx [33m200[39m

[1A[2KREQUEST FINISHED: http://localhost:5173/src/components/Trip/TripForm.tsx [33m200[39m

[1A[2KREQUEST FINISHED: http://localhost:5173/src/components/Trip/TripCard.tsx [33m200[39m

[1A[2KREQUEST FINISHED: http://localhost:5173/src/components/Trip/TripCardSkeleton.tsx [33m200[39m

[1A[2KREQUEST FINISHED: http://localhost:5173/src/components/Trip/TripErrorState.tsx [33m200[39m

[1A[2KREQUEST FINISHED: http://localhost:5173/src/components/ui/skeleton.tsx [33m200[39m

[1A[2KREQUEST FINISHED: http://localhost:5173/src/hooks/useTrips.ts [33m200[39m

[1A[2KREQUEST FINISHED: http://localhost:5173/src/components/Itinerary/ActivityFormDrawer.tsx?t=1769405574540 [33m200[39m

[1A[2KREQUEST FINISHED: http://localhost:5173/src/components/DynamicTabs.tsx [33m200[39m

[1A[2KREQUEST FINISHED: http://localhost:5173/src/components/Itinerary/ItineraryView.tsx [33m200[39m

[1A[2KREQUEST FINISHED: http://localhost:5173/node_modules/.vite/deps/date-fns.js?v=da8d6cbe [33m200[39m

[1A[2KREQUEST FINISHED: http://localhost:5173/src/components/Trip/DocumentVault.tsx [33m200[39m

[1A[2KREQUEST FINISHED: http://localhost:5173/node_modules/.vite/deps/chunk-GESGLH3I.js?v=da8d6cbe [33m200[39m

[1A[2KREQUEST FINISHED: http://localhost:5173/node_modules/.vite/deps/chunk-UFR4FUOF.js?v=da8d6cbe [33m200[39m

[1A[2KREQUEST FINISHED: http://localhost:5173/node_modules/.vite/deps/chunk-YZRVGM6N.js?v=da8d6cbe [33m200[39m

[1A[2KREQUEST FINISHED: http://localhost:5173/node_modules/.vite/deps/chunk-RYNEN7AT.js?v=da8d6cbe [33m200[39m

[1A[2KREQUEST FINISHED: http://localhost:5173/node_modules/.vite/deps/chunk-QNQ23I2L.js?v=da8d6cbe [33m200[39m

[1A[2KREQUEST FINISHED: http://localhost:5173/node_modules/.vite/deps/chunk-DEX2RCYB.js?v=da8d6cbe [33m200[39m

[1A[2KREQUEST FINISHED: http://localhost:5173/node_modules/.vite/deps/zustand.js?v=da8d6cbe [33m200[39m

[1A[2KREQUEST FINISHED: http://localhost:5173/node_modules/.vite/deps/next-themes.js?v=da8d6cbe [33m200[39m

[1A[2KREQUEST FINISHED: http://localhost:5173/node_modules/.vite/deps/@tanstack_react-query-devtools.js?v=da8d6cbe [33m200[39m

[1A[2KREQUEST FINISHED: http://localhost:5173/src/components/ui/avatar.tsx [33m200[39m

[1A[2KREQUEST FINISHED: http://localhost:5173/src/components/ui/dropdown-menu.tsx [33m200[39m

[1A[2KREQUEST FINISHED: http://localhost:5173/node_modules/.vite/deps/zustand_middleware.js?v=da8d6cbe [33m200[39m

[1A[2KREQUEST FINISHED: http://localhost:5173/node_modules/.vite/deps/chunk-ZF4A5KDT.js?v=da8d6cbe [33m200[39m

[1A[2KREQUEST FINISHED: http://localhost:5173/node_modules/.vite/deps/chunk-3LKC3HAT.js?v=da8d6cbe [33m200[39m

[1A[2KREQUEST FINISHED: http://localhost:5173/src/components/ui/card.tsx [33m200[39m

[1A[2KREQUEST FINISHED: http://localhost:5173/src/components/ui/field.tsx [33m200[39m

[1A[2KREQUEST FINISHED: http://localhost:5173/src/components/ui/input.tsx [33m200[39m

[1A[2KREQUEST FINISHED: http://localhost:5173/src/lib/api.ts [33m200[39m

[1A[2KREQUEST FINISHED: http://localhost:5173/src/components/Landing/HeroImage.tsx [33m200[39m

[1A[2KREQUEST FINISHED: http://localhost:5173/src/components/ui/calendar.tsx [33m200[39m

[1A[2KREQUEST FINISHED: http://localhost:5173/src/components/ui/label.tsx [33m200[39m

[1A[2KREQUEST FINISHED: http://localhost:5173/src/components/ui/popover.tsx [33m200[39m

[1A[2KREQUEST FINISHED: http://localhost:5173/src/lib/schemas.ts [33m200[39m

[1A[2KREQUEST FINISHED: http://localhost:5173/node_modules/.vite/deps/@tanstack_react-form.js?v=da8d6cbe [33m200[39m

[1A[2KREQUEST FINISHED: http://localhost:5173/src/components/ui/badge.tsx [33m200[39m

[1A[2KREQUEST FINISHED: http://localhost:5173/src/components/ui/dialog.tsx [33m200[39m

[1A[2KREQUEST FINISHED: http://localhost:5173/src/hooks/useMediaQuery.ts [33m200[39m

[1A[2KREQUEST FINISHED: http://localhost:5173/src/components/ui/drawer.tsx [33m200[39m

[1A[2KREQUEST FINISHED: http://localhost:5173/src/components/ui/tabs.tsx [33m200[39m

[1A[2KREQUEST FINISHED: http://localhost:5173/src/components/ui/scroll-area.tsx [33m200[39m

[1A[2KREQUEST FINISHED: http://localhost:5173/src/components/Itinerary/ItineraryMap.tsx [33m200[39m

[1A[2KREQUEST FINISHED: http://localhost:5173/src/components/Itinerary/ItineraryDetail.tsx [33m200[39m

[1A[2KREQUEST FINISHED: http://localhost:5173/src/components/Itinerary/ActivityForm.tsx?t=1769405574540 [33m200[39m

[1A[2KREQUEST FINISHED: http://localhost:5173/src/hooks/useDocuments.ts [33m200[39m

[1A[2KREQUEST FINISHED: http://localhost:5173/node_modules/.vite/deps/@base-ui_react_avatar.js?v=da8d6cbe [33m200[39m

[1A[2KREQUEST FINISHED: http://localhost:5173/src/components/ui/separator.tsx [33m200[39m

[1A[2KREQUEST FINISHED: http://localhost:5173/node_modules/.vite/deps/@base-ui_react_input.js?v=da8d6cbe [33m200[39m

[1A[2KREQUEST FINISHED: http://localhost:5173/node_modules/.vite/deps/@base-ui_react_menu.js?v=da8d6cbe [33m200[39m

[1A[2KREQUEST FINISHED: http://localhost:5173/node_modules/.vite/deps/chunk-GIAQJ3V5.js?v=da8d6cbe [33m200[39m

[1A[2KREQUEST FINISHED: http://localhost:5173/node_modules/.vite/deps/chunk-HCKCZI5W.js?v=da8d6cbe [33m200[39m

[1A[2KREQUEST FINISHED: http://localhost:5173/node_modules/.vite/deps/@base-ui_react_popover.js?v=da8d6cbe [33m200[39m

[1A[2KREQUEST FINISHED: http://localhost:5173/node_modules/.vite/deps/@base-ui_react_merge-props.js?v=da8d6cbe [33m200[39m

[1A[2KREQUEST FINISHED: http://localhost:5173/node_modules/.vite/deps/@base-ui_react_use-render.js?v=da8d6cbe [33m200[39m

[1A[2KREQUEST FINISHED: http://localhost:5173/node_modules/.vite/deps/zod.js?v=da8d6cbe [33m200[39m

[1A[2KREQUEST FINISHED: http://localhost:5173/node_modules/.vite/deps/@base-ui_react_dialog.js?v=da8d6cbe [33m200[39m

[1A[2KREQUEST FINISHED: http://localhost:5173/node_modules/.vite/deps/@base-ui_react_tabs.js?v=da8d6cbe [33m200[39m

[1A[2KREQUEST FINISHED: http://localhost:5173/src/components/Itinerary/ActivityCard.tsx [33m200[39m

[1A[2KREQUEST FINISHED: http://localhost:5173/src/components/ui/textarea.tsx [33m200[39m

[1A[2KREQUEST FINISHED: http://localhost:5173/src/lib/db.ts [33m200[39m

[1A[2KREQUEST FINISHED: http://localhost:5173/src/components/ui/select.tsx [33m200[39m

[1A[2KREQUEST FINISHED: http://localhost:5173/node_modules/.vite/deps/@base-ui_react_scroll-area.js?v=da8d6cbe [33m200[39m

[1A[2KREQUEST FINISHED: http://localhost:5173/node_modules/.vite/deps/chunk-H2PME4JE.js?v=da8d6cbe [33m200[39m

[1A[2KREQUEST FINISHED: http://localhost:5173/node_modules/.vite/deps/vaul.js?v=da8d6cbe [33m200[39m

[1A[2KREQUEST FINISHED: http://localhost:5173/node_modules/.vite/deps/chunk-ZQMUV6OQ.js?v=da8d6cbe [33m200[39m

[1A[2KREQUEST FINISHED: http://localhost:5173/node_modules/.vite/deps/chunk-CT2UF767.js?v=da8d6cbe [33m200[39m

[1A[2KREQUEST FINISHED: http://localhost:5173/node_modules/.vite/deps/@base-ui_react_separator.js?v=da8d6cbe [33m200[39m

[1A[2KREQUEST FINISHED: http://localhost:5173/node_modules/.vite/deps/chunk-WMTTV5UP.js?v=da8d6cbe [33m200[39m

[1A[2KREQUEST FINISHED: http://localhost:5173/node_modules/.vite/deps/chunk-IJAY6DGG.js?v=da8d6cbe [33m200[39m

[1A[2KREQUEST FINISHED: http://localhost:5173/node_modules/.vite/deps/chunk-C6RXAATQ.js?v=da8d6cbe [33m200[39m

[1A[2KREQUEST FINISHED: http://localhost:5173/node_modules/.vite/deps/chunk-IXICBYZO.js?v=da8d6cbe [33m200[39m

[1A[2KREQUEST FINISHED: http://localhost:5173/node_modules/.vite/deps/chunk-YPEDSEZD.js?v=da8d6cbe [33m200[39m

[1A[2KREQUEST FINISHED: http://localhost:5173/node_modules/.vite/deps/chunk-2YRN5VI3.js?v=da8d6cbe [33m200[39m

[1A[2KREQUEST FINISHED: http://localhost:5173/node_modules/.vite/deps/chunk-VZPXWSOZ.js?v=da8d6cbe [33m200[39m

[1A[2KREQUEST FINISHED: http://localhost:5173/node_modules/.vite/deps/chunk-KVG235KF.js?v=da8d6cbe [33m200[39m

[1A[2KREQUEST FINISHED: http://localhost:5173/node_modules/.vite/deps/chunk-IQVMBNNQ.js?v=da8d6cbe [33m200[39m

[1A[2KREQUEST FINISHED: http://localhost:5173/node_modules/.vite/deps/chunk-WOLK2RN3.js?v=da8d6cbe [33m200[39m

[1A[2KREQUEST FINISHED: http://localhost:5173/node_modules/.vite/deps/chunk-EZHXMR34.js?v=da8d6cbe [33m200[39m

[1A[2KREQUEST FINISHED: http://localhost:5173/node_modules/.vite/deps/chunk-BAI2ZZK3.js?v=da8d6cbe [33m200[39m

[1A[2KREQUEST FINISHED: http://localhost:5173/node_modules/.vite/deps/chunk-4YOOX6DK.js?v=da8d6cbe [33m200[39m

[1A[2KREQUEST FINISHED: http://localhost:5173/node_modules/.vite/deps/idb.js?v=da8d6cbe [33m200[39m

[1A[2KREQUEST FINISHED: http://localhost:5173/node_modules/.vite/deps/@base-ui_react_select.js?v=da8d6cbe [33m200[39m

[1A[2KREQUEST FINISHED: http://localhost:5173/node_modules/.vite/deps/react-day-picker.js?v=da8d6cbe [33m200[39m

[1A[2KREQUEST FINISHED: http://localhost:5173/node_modules/.vite/deps/chunk-POX52VZN.js?v=da8d6cbe [33m200[39m

[1A[2KBROWSER LOG: %cDownload the React DevTools for a better development experience: https://react.dev/link/react-devtools font-weight:bold

[1A[2KBROWSER LOG: [35mLOG[39m [94m/src/components/register-form.tsx:27:3 - http://localhost:5173/__tsd/open-source?source=%2Fsrc%2Fcomponents%2Fregister-form.tsx%3A27%3A3[39m
 ΓåÆ  RegisterForm rendering. isPending: false

[1A[2KBROWSER LOG: [35mLOG[39m [94m/src/components/register-form.tsx:27:3 - http://localhost:5173/__tsd/open-source?source=%2Fsrc%2Fcomponents%2Fregister-form.tsx%3A27%3A3[39m
 ΓåÆ  RegisterForm rendering. isPending: false

[1A[2KREQUEST FINISHED: http://localhost:5173/node_modules/.vite/deps/7NDEDZB7-F4O2NZMA.js?v=da8d6cbe [33m200[39m

[1A[2KREQUEST FINISHED: http://localhost:5173/node_modules/.vite/deps/chunk-FAGZX745.js?v=da8d6cbe [33m200[39m

[1A[2KBROWSER LOG: [35mLOG[39m [94m/src/components/register-form.tsx:30:5 - http://localhost:5173/__tsd/open-source?source=%2Fsrc%2Fcomponents%2Fregister-form.tsx%3A30%3A5[39m
 ΓåÆ  RegisterForm submitted

[1A[2KBROWSER LOG: [35mLOG[39m [94m/src/hooks/useAuth.ts:39:4 - http://localhost:5173/__tsd/open-source?source=%2Fsrc%2Fhooks%2FuseAuth.ts%3A39%3A4[39m
 ΓåÆ  useAuth: Calling register API {email: mobile1769414666881299@example.com, password: password123, name: Mobile User}

[1A[2KBROWSER LOG: [35mLOG[39m [94m/src/components/register-form.tsx:27:3 - http://localhost:5173/__tsd/open-source?source=%2Fsrc%2Fcomponents%2Fregister-form.tsx%3A27%3A3[39m
 ΓåÆ  RegisterForm rendering. isPending: true

[1A[2KBROWSER LOG: [35mLOG[39m [94m/src/components/register-form.tsx:27:3 - http://localhost:5173/__tsd/open-source?source=%2Fsrc%2Fcomponents%2Fregister-form.tsx%3A27%3A3[39m
 ΓåÆ  RegisterForm rendering. isPending: true

[1A[2KREQUEST FINISHED: http://localhost:3000/auth/register [33m200[39m

[1A[2KREQUEST FINISHED: http://localhost:5173/favicon.png [33m200[39m

[1A[2KREQUEST FINISHED: http://localhost:3000/trips [33m200[39m

[1A[2KREQUEST FINISHED: https://github.com/shadcn.png [33m302[39m

[1A[2KREQUEST FINISHED: https://avatars.githubusercontent.com/u/124599?v=4 [33m200[39m

[1A[2KREQUEST FINISHED: https://github.com/shadcn.png [33m302[39m

[1A[2KREQUEST FINISHED: https://avatars.githubusercontent.com/u/124599?v=4 [33m200[39m

[1A[2K  1) [chromium] ΓÇ║ tests\e2e\activities.spec.ts:32:3 ΓÇ║ Activity Management (Mobile) ΓÇ║ should allow adding an activity in mobile view 

    [31mTest timeout of 30000ms exceeded while running "beforeEach" hook.[39m

      4 |     test.use({ viewport: { width: 390, height: 844 } });
      5 |
    > 6 |     test.beforeEach(async ({ page }) => {
        |          ^
      7 |         const uniqueId = Date.now().toString() + Math.floor(Math.random() * 1000).toString();
      8 |         await page.goto('/register');
      9 |         await page.fill('input[name="name"]', 'Mobile User');
        at C:\Users\Ally\Documents\Code\trip-jot\tests\e2e\activities.spec.ts:6:10

    Error: page.click: Test timeout of 30000ms exceeded.
    Call log:
    [2m  - waiting for locator('a[href="/trips/new-trip"].md\\:hidden')[22m
    [2m    - locator resolved to <a href="/trips/new-trip" class="md:hidden fixed bottom-6 right-6 z-50" data-tsd-source="/src/routes/trips.index.tsx:65:6">ΓÇª</a>[22m
    [2m  - attempting click action[22m
    [2m    2 ├ù waiting for element to be visible, enabled and stable[22m
    [2m      - element is visible, enabled and stable[22m
    [2m      - scrolling into view if needed[22m
    [2m      - done scrolling[22m
    [2m      - <img alt="TanStack Devtools" src="data:image/png;base64,iVBORw0KGgoAAAANSUhEUgAAAGQAAABkCAYAAABw4pVUAAA4+klEQVR4AeSWBXBbPRaFYwonxlLw56LbnxnLzMzM6DLubBoqt+G4TKEyMzdQhtAyMw4tGXr2RH5ONHEWy+2b+eZeS1fSvTrW0/N7Rh410RFNHX0hpBnpQWaQ9SSPnCIl5A4pF3j8EqUvl6wl00l30pQE1zG/huhEDi/5oyLaOkQwky4kkZwnv2YkaB8KZY5fkrMknnQkxjrE0YrcXpJHPg3yE00mkpPkzwTV6LTwCwmCyqh3qeqbnaqIeg5Vo/pO4ZvYZgx3+YWFuPzCQ4SvMhlEHGM8sfRFDOfgXLWF+iM5RsaSCDmhl+HUqGQhFL83OUr+TuBFFRrkUjW0OFQNLE5uolu0PzwP/AJ0bs7r5LwOVUiQq1b/X8lB0o1oauWpepGFMJP55Mfyq0hΓÇª/> from <div>ΓÇª</div> subtree intercepts pointer events[22m
    [2m    - retrying click action[22m
    [2m    - waiting 20ms[22m
    [2m    2 ├ù waiting for element to be visible, enabled and stable[22m
    [2m      - element is visible, enabled and stable[22m
    [2m      - scrolling into view if needed[22m
    [2m      - done scrolling[22m
    [2m      - <img alt="TanStack Devtools" src="data:image/png;base64,iVBORw0KGgoAAAANSUhEUgAAAGQAAABkCAYAAABw4pVUAAA4+klEQVR4AeSWBXBbPRaFYwonxlLw56LbnxnLzMzM6DLubBoqt+G4TKEyMzdQhtAyMw4tGXr2RH5ONHEWy+2b+eZeS1fSvTrW0/N7Rh410RFNHX0hpBnpQWaQ9SSPnCIl5A4pF3j8EqUvl6wl00l30pQE1zG/huhEDi/5oyLaOkQwky4kkZwnv2YkaB8KZY5fkrMknnQkxjrE0YrcXpJHPg3yE00mkpPkzwTV6LTwCwmCyqh3qeqbnaqIeg5Vo/pO4ZvYZgx3+YWFuPzCQ4SvMhlEHGM8sfRFDOfgXLWF+iM5RsaSCDmhl+HUqGQhFL83OUr+TuBFFRrkUjW0OFQNLE5uolu0PzwP/AJ0bs7r5LwOVUiQq1b/X8lB0o1oauWpepGFMJP55Mfyq0hΓÇª/> from <div>ΓÇª</div> subtree intercepts pointer events[22m
    [2m    - retrying click action[22m
    [2m      - waiting 100ms[22m
    [2m    56 ├ù waiting for element to be visible, enabled and stable[22m
    [2m       - element is visible, enabled and stable[22m
    [2m       - scrolling into view if needed[22m
    [2m       - done scrolling[22m
    [2m       - <img alt="TanStack Devtools" src="data:image/png;base64,iVBORw0KGgoAAAANSUhEUgAAAGQAAABkCAYAAABw4pVUAAA4+klEQVR4AeSWBXBbPRaFYwonxlLw56LbnxnLzMzM6DLubBoqt+G4TKEyMzdQhtAyMw4tGXr2RH5ONHEWy+2b+eZeS1fSvTrW0/N7Rh410RFNHX0hpBnpQWaQ9SSPnCIl5A4pF3j8EqUvl6wl00l30pQE1zG/huhEDi/5oyLaOkQwky4kkZwnv2YkaB8KZY5fkrMknnQkxjrE0YrcXpJHPg3yE00mkpPkzwTV6LTwCwmCyqh3qeqbnaqIeg5Vo/pO4ZvYZgx3+YWFuPzCQ4SvMhlEHGM8sfRFDOfgXLWF+iM5RsaSCDmhl+HUqGQhFL83OUr+TuBFFRrkUjW0OFQNLE5uolu0PzwP/AJ0bs7r5LwOVUiQq1b/X8lB0o1oauWpepGFMJP55Mfyq0hΓÇª/> from <div>ΓÇª</div> subtree intercepts pointer events[22m
    [2m     - retrying click action[22m
    [2m       - waiting 500ms[22m


      13 |         await expect(page).toHaveURL(/\/trips/);
      14 |
    > 15 |         await page.click('a[href="/trips/new-trip"].md\\:hidden');
         |                    ^
      16 |         await expect(page).toHaveURL(/\/trips\/new-trip/);
      17 |         await page.fill('input[name="name"]', 'Mobile Adv.');
      18 |         await page.fill('input[name="destination"]', 'Bali');
        at C:\Users\Ally\Documents\Code\trip-jot\tests\e2e\activities.spec.ts:15:20

    Error Context: test-results\activities-Activity-Manage-babf5--an-activity-in-mobile-view-chromium\error-context.md


[1A[2K  1 failed
    [chromium] ΓÇ║ tests\e2e\activities.spec.ts:32:3 ΓÇ║ Activity Management (Mobile) ΓÇ║ should allow adding an activity in mobile view 

[36m  Serving HTML report at http://localhost:64830. Press Ctrl+C to quit.[39m
